Info: Starting: Create HDL design files for synthesis
Info: qsys-generate C:\Users\Rauni\Documents\MPC_DATACENTER\07_fpga\quartus\nios_system.qsys --synthesis=VERILOG --output-directory=C:\Users\Rauni\Documents\MPC_DATACENTER\07_fpga\quartus\nios_system\synthesis --family="Cyclone IV E" --part=EP4CE115F29C7
Progress: Loading quartus/nios_system.qsys
Progress: Reading input file
Progress: Adding clk_0 [clock_source 20.1]
Progress: Parameterizing module clk_0
Progress: Adding jtag_uart [altera_avalon_jtag_uart 20.1]
Progress: Parameterizing module jtag_uart
Progress: Adding nios [altera_nios2_gen2 20.1]
Progress: Parameterizing module nios
Progress: Adding onchip [altera_avalon_onchip_memory2 20.1]
Progress: Parameterizing module onchip
Progress: Adding pio_hex [altera_avalon_pio 20.1]
Progress: Parameterizing module pio_hex
Progress: Adding pio_key [altera_avalon_pio 20.1]
Progress: Parameterizing module pio_key
Progress: Adding pio_led [altera_avalon_pio 20.1]
Progress: Parameterizing module pio_led
Progress: Adding pio_sw [altera_avalon_pio 20.1]
Progress: Parameterizing module pio_sw
Progress: Adding sysid [altera_avalon_sysid_qsys 20.1]
Progress: Parameterizing module sysid
Progress: Adding timer [altera_avalon_timer 20.1]
Progress: Parameterizing module timer
Progress: Adding uart [altera_avalon_uart 20.1]
Progress: Parameterizing module uart
Progress: Building connections
Progress: Parameterizing connections
Progress: Validating
Progress: Done reading input file
Info: nios_system.jtag_uart: JTAG UART IP input clock need to be at least double (2x) the operating frequency of JTAG TCK on board
Error: nios_system.nios: Debug port is enabled. Please connect the instruction_master and data_master to debug_mem_slave
Info: nios_system.pio_key: PIO inputs are not hardwired in test bench. Undefined values will be read from PIO inputs during simulation.
Info: nios_system.pio_sw: PIO inputs are not hardwired in test bench. Undefined values will be read from PIO inputs during simulation.
Info: nios_system.sysid: System ID is not assigned automatically. Edit the System ID parameter to provide a unique ID
Info: nios_system.sysid: Time stamp will be automatically updated when this component is generated.
Error: nios_system.timer: Period is too small for this frequency.
Error: nios_system.timer: "Units" (periodUnits) "usec" is out of range: "USEC", "MSEC", "SEC", "CLOCKS"
Warning: nios_system.jtag_uart: Interrupt sender jtag_uart.irq is not connected to an interrupt receiver
Warning: nios_system.timer: Interrupt sender timer.irq is not connected to an interrupt receiver
Warning: nios_system.uart: Interrupt sender uart.irq is not connected to an interrupt receiver
Warning: nios_system.nios: nios.debug_mem_slave must be connected to an Avalon-MM master
Info: nios_system: Generating nios_system "nios_system" for QUARTUS_SYNTH
Info: jtag_uart: Starting RTL generation for module 'nios_system_jtag_uart'
Info: jtag_uart:   Generation command is [exec D:/intel/quartus/bin64/perl/bin/perl.exe -I D:/intel/quartus/bin64/perl/lib -I D:/intel/quartus/sopc_builder/bin/europa -I D:/intel/quartus/sopc_builder/bin -I D:/intel/quartus/../ip/altera/sopc_builder_ip/common -I D:/intel/quartus/../ip/altera/sopc_builder_ip/altera_avalon_jtag_uart -- D:/intel/quartus/../ip/altera/sopc_builder_ip/altera_avalon_jtag_uart/generate_rtl.pl --name=nios_system_jtag_uart --dir=C:/Users/Rauni/AppData/Local/Temp/alt0710_3523856973717247974.dir/0002_jtag_uart_gen/ --quartus_dir=D:/intel/quartus --verilog --config=C:/Users/Rauni/AppData/Local/Temp/alt0710_3523856973717247974.dir/0002_jtag_uart_gen//nios_system_jtag_uart_component_configuration.pl  --do_build_sim=0  ]
Info: jtag_uart: Done RTL generation for module 'nios_system_jtag_uart'
Info: jtag_uart: "nios_system" instantiated altera_avalon_jtag_uart "jtag_uart"
Info: nios: "nios_system" instantiated altera_nios2_gen2 "nios"
Info: onchip: Starting RTL generation for module 'nios_system_onchip'
Info: onchip:   Generation command is [exec D:/intel/quartus/bin64/perl/bin/perl.exe -I D:/intel/quartus/bin64/perl/lib -I D:/intel/quartus/sopc_builder/bin/europa -I D:/intel/quartus/sopc_builder/bin -I D:/intel/quartus/../ip/altera/sopc_builder_ip/common -I D:/intel/quartus/../ip/altera/sopc_builder_ip/altera_avalon_onchip_memory2 -- D:/intel/quartus/../ip/altera/sopc_builder_ip/altera_avalon_onchip_memory2/generate_rtl.pl --name=nios_system_onchip --dir=C:/Users/Rauni/AppData/Local/Temp/alt0710_3523856973717247974.dir/0003_onchip_gen/ --quartus_dir=D:/intel/quartus --verilog --config=C:/Users/Rauni/AppData/Local/Temp/alt0710_3523856973717247974.dir/0003_onchip_gen//nios_system_onchip_component_configuration.pl  --do_build_sim=0  ]
Info: onchip: Done RTL generation for module 'nios_system_onchip'
Info: onchip: "nios_system" instantiated altera_avalon_onchip_memory2 "onchip"
Info: pio_hex: Starting RTL generation for module 'nios_system_pio_hex'
Info: pio_hex:   Generation command is [exec D:/intel/quartus/bin64/perl/bin/perl.exe -I D:/intel/quartus/bin64/perl/lib -I D:/intel/quartus/sopc_builder/bin/europa -I D:/intel/quartus/sopc_builder/bin -I D:/intel/quartus/../ip/altera/sopc_builder_ip/common -I D:/intel/quartus/../ip/altera/sopc_builder_ip/altera_avalon_pio -- D:/intel/quartus/../ip/altera/sopc_builder_ip/altera_avalon_pio/generate_rtl.pl --name=nios_system_pio_hex --dir=C:/Users/Rauni/AppData/Local/Temp/alt0710_3523856973717247974.dir/0004_pio_hex_gen/ --quartus_dir=D:/intel/quartus --verilog --config=C:/Users/Rauni/AppData/Local/Temp/alt0710_3523856973717247974.dir/0004_pio_hex_gen//nios_system_pio_hex_component_configuration.pl  --do_build_sim=0  ]
Info: pio_hex: Done RTL generation for module 'nios_system_pio_hex'
Info: pio_hex: "nios_system" instantiated altera_avalon_pio "pio_hex"
Info: pio_key: Starting RTL generation for module 'nios_system_pio_key'
Info: pio_key:   Generation command is [exec D:/intel/quartus/bin64/perl/bin/perl.exe -I D:/intel/quartus/bin64/perl/lib -I D:/intel/quartus/sopc_builder/bin/europa -I D:/intel/quartus/sopc_builder/bin -I D:/intel/quartus/../ip/altera/sopc_builder_ip/common -I D:/intel/quartus/../ip/altera/sopc_builder_ip/altera_avalon_pio -- D:/intel/quartus/../ip/altera/sopc_builder_ip/altera_avalon_pio/generate_rtl.pl --name=nios_system_pio_key --dir=C:/Users/Rauni/AppData/Local/Temp/alt0710_3523856973717247974.dir/0005_pio_key_gen/ --quartus_dir=D:/intel/quartus --verilog --config=C:/Users/Rauni/AppData/Local/Temp/alt0710_3523856973717247974.dir/0005_pio_key_gen//nios_system_pio_key_component_configuration.pl  --do_build_sim=0  ]
Info: pio_key: Done RTL generation for module 'nios_system_pio_key'
Info: pio_key: "nios_system" instantiated altera_avalon_pio "pio_key"
Info: pio_led: Starting RTL generation for module 'nios_system_pio_led'
Info: pio_led:   Generation command is [exec D:/intel/quartus/bin64/perl/bin/perl.exe -I D:/intel/quartus/bin64/perl/lib -I D:/intel/quartus/sopc_builder/bin/europa -I D:/intel/quartus/sopc_builder/bin -I D:/intel/quartus/../ip/altera/sopc_builder_ip/common -I D:/intel/quartus/../ip/altera/sopc_builder_ip/altera_avalon_pio -- D:/intel/quartus/../ip/altera/sopc_builder_ip/altera_avalon_pio/generate_rtl.pl --name=nios_system_pio_led --dir=C:/Users/Rauni/AppData/Local/Temp/alt0710_3523856973717247974.dir/0006_pio_led_gen/ --quartus_dir=D:/intel/quartus --verilog --config=C:/Users/Rauni/AppData/Local/Temp/alt0710_3523856973717247974.dir/0006_pio_led_gen//nios_system_pio_led_component_configuration.pl  --do_build_sim=0  ]
Info: pio_led: Done RTL generation for module 'nios_system_pio_led'
Info: pio_led: "nios_system" instantiated altera_avalon_pio "pio_led"
Info: pio_sw: Starting RTL generation for module 'nios_system_pio_sw'
Info: pio_sw:   Generation command is [exec D:/intel/quartus/bin64/perl/bin/perl.exe -I D:/intel/quartus/bin64/perl/lib -I D:/intel/quartus/sopc_builder/bin/europa -I D:/intel/quartus/sopc_builder/bin -I D:/intel/quartus/../ip/altera/sopc_builder_ip/common -I D:/intel/quartus/../ip/altera/sopc_builder_ip/altera_avalon_pio -- D:/intel/quartus/../ip/altera/sopc_builder_ip/altera_avalon_pio/generate_rtl.pl --name=nios_system_pio_sw --dir=C:/Users/Rauni/AppData/Local/Temp/alt0710_3523856973717247974.dir/0007_pio_sw_gen/ --quartus_dir=D:/intel/quartus --verilog --config=C:/Users/Rauni/AppData/Local/Temp/alt0710_3523856973717247974.dir/0007_pio_sw_gen//nios_system_pio_sw_component_configuration.pl  --do_build_sim=0  ]
Info: pio_sw: Done RTL generation for module 'nios_system_pio_sw'
Info: pio_sw: "nios_system" instantiated altera_avalon_pio "pio_sw"
Info: sysid: "nios_system" instantiated altera_avalon_sysid_qsys "sysid"
Info: timer: Starting RTL generation for module 'nios_system_timer'
Info: timer:   Generation command is [exec D:/intel/quartus/bin64//perl/bin/perl.exe -I D:/intel/quartus/bin64//perl/lib -I D:/intel/quartus/sopc_builder/bin/europa -I D:/intel/quartus/sopc_builder/bin -I D:/intel/quartus/../ip/altera/sopc_builder_ip/common -I D:/intel/quartus/../ip/altera/sopc_builder_ip/altera_avalon_timer -- D:/intel/quartus/../ip/altera/sopc_builder_ip/altera_avalon_timer/generate_rtl.pl --name=nios_system_timer --dir=C:/Users/Rauni/AppData/Local/Temp/alt0710_3523856973717247974.dir/0009_timer_gen/ --quartus_dir=D:/intel/quartus --verilog --config=C:/Users/Rauni/AppData/Local/Temp/alt0710_3523856973717247974.dir/0009_timer_gen//nios_system_timer_component_configuration.pl  --do_build_sim=0  ]
Info: timer: 
Info: timer: ERROR:
Info: timer: Timepout value 1clocks is less than one clock.
Info: timer:   using minimum possible value (1 clock period).
Info: timer: Done RTL generation for module 'nios_system_timer'
Error: no files matched glob pattern "nios_system_timer.v"     while executing "__altera__safe_glob -directory C:/Users/Rauni/AppData/Local/Temp/alt0710_3523856973717247974.dir/0009_timer_gen/ nios_system_timer.v"     ("uplevel" body line 1)     invoked from within "uplevel 1 [list __altera__safe_glob {*}$args]"     (procedure "glob" line 2)     invoked from within "glob -directory ${output_directory} ${NAME}.${rtl_ext} "     (procedure "proc_add_generated_files_timer" line 3)     invoked from within "proc_add_generated_files_timer "$output_name" "$output_directory" "$rtl_ext" "$simgen""     (procedure "generate" line 49)     invoked from within "generate                    "$NAME" "$output_directory" "$rtl_ext" "$simgen""     (procedure "sub_quartus_synth_timer" line 6)     invoked from within "sub_quartus_synth_timer nios_system_timer"
Info: timer: "nios_system" instantiated altera_avalon_timer "timer"
Error: Generation stopped, 5 or more modules remaining
Info: nios_system: Done "nios_system" with 15 modules, 10 files
Error: qsys-generate failed with exit code 1: 5 Errors, 4 Warnings
Info: Finished: Create HDL design files for synthesis
