Info: Starting: Create HDL design files for synthesis
Info: qsys-generate C:\Users\Rauni\Documents\MPC_DATACENTER\07_fpga\quartus\nios_system.qsys --synthesis=VERILOG --output-directory=C:\Users\Rauni\Documents\MPC_DATACENTER\07_fpga\quartus\nios_system\synthesis --family="Cyclone IV E" --part=EP4CE115F29C7
Progress: Loading quartus/nios_system.qsys
Progress: Reading input file
Progress: Adding clk_0 [clock_source 20.1]
Progress: Parameterizing module clk_0
Progress: Adding jtag_uart [altera_avalon_jtag_uart 20.1]
Progress: Parameterizing module jtag_uart
Progress: Adding nios [altera_nios2_gen2 20.1]
Progress: Parameterizing module nios
Progress: Adding onchip [altera_avalon_onchip_memory2 20.1]
Progress: Parameterizing module onchip
Progress: Adding pio_hex [altera_avalon_pio 20.1]
Progress: Parameterizing module pio_hex
Progress: Adding pio_key [altera_avalon_pio 20.1]
Progress: Parameterizing module pio_key
Progress: Adding pio_led [altera_avalon_pio 20.1]
Progress: Parameterizing module pio_led
Progress: Adding pio_sw [altera_avalon_pio 20.1]
Progress: Parameterizing module pio_sw
Progress: Adding sysid [altera_avalon_sysid_qsys 20.1]
Progress: Parameterizing module sysid
Progress: Adding timer [altera_avalon_timer 20.1]
Progress: Parameterizing module timer
Progress: Adding uart [altera_avalon_uart 20.1]
Progress: Parameterizing module uart
Progress: Building connections
Progress: Parameterizing connections
Progress: Validating
Progress: Done reading input file
Info: nios_system.jtag_uart: JTAG UART IP input clock need to be at least double (2x) the operating frequency of JTAG TCK on board
Info: nios_system.pio_key: PIO inputs are not hardwired in test bench. Undefined values will be read from PIO inputs during simulation.
Info: nios_system.pio_sw: PIO inputs are not hardwired in test bench. Undefined values will be read from PIO inputs during simulation.
Info: nios_system.sysid: System ID is not assigned automatically. Edit the System ID parameter to provide a unique ID
Info: nios_system.sysid: Time stamp will be automatically updated when this component is generated.
Info: nios_system: Generating nios_system "nios_system" for QUARTUS_SYNTH
Info: jtag_uart: Starting RTL generation for module 'nios_system_jtag_uart'
Info: jtag_uart:   Generation command is [exec D:/intel/quartus/bin64/perl/bin/perl.exe -I D:/intel/quartus/bin64/perl/lib -I D:/intel/quartus/sopc_builder/bin/europa -I D:/intel/quartus/sopc_builder/bin -I D:/intel/quartus/../ip/altera/sopc_builder_ip/common -I D:/intel/quartus/../ip/altera/sopc_builder_ip/altera_avalon_jtag_uart -- D:/intel/quartus/../ip/altera/sopc_builder_ip/altera_avalon_jtag_uart/generate_rtl.pl --name=nios_system_jtag_uart --dir=C:/Users/Rauni/AppData/Local/Temp/alt0710_3537218324809051922.dir/0002_jtag_uart_gen/ --quartus_dir=D:/intel/quartus --verilog --config=C:/Users/Rauni/AppData/Local/Temp/alt0710_3537218324809051922.dir/0002_jtag_uart_gen//nios_system_jtag_uart_component_configuration.pl  --do_build_sim=0  ]
Info: jtag_uart: Done RTL generation for module 'nios_system_jtag_uart'
Info: jtag_uart: "nios_system" instantiated altera_avalon_jtag_uart "jtag_uart"
Info: nios: "nios_system" instantiated altera_nios2_gen2 "nios"
Info: onchip: Starting RTL generation for module 'nios_system_onchip'
Info: onchip:   Generation command is [exec D:/intel/quartus/bin64/perl/bin/perl.exe -I D:/intel/quartus/bin64/perl/lib -I D:/intel/quartus/sopc_builder/bin/europa -I D:/intel/quartus/sopc_builder/bin -I D:/intel/quartus/../ip/altera/sopc_builder_ip/common -I D:/intel/quartus/../ip/altera/sopc_builder_ip/altera_avalon_onchip_memory2 -- D:/intel/quartus/../ip/altera/sopc_builder_ip/altera_avalon_onchip_memory2/generate_rtl.pl --name=nios_system_onchip --dir=C:/Users/Rauni/AppData/Local/Temp/alt0710_3537218324809051922.dir/0003_onchip_gen/ --quartus_dir=D:/intel/quartus --verilog --config=C:/Users/Rauni/AppData/Local/Temp/alt0710_3537218324809051922.dir/0003_onchip_gen//nios_system_onchip_component_configuration.pl  --do_build_sim=0  ]
Info: onchip: Done RTL generation for module 'nios_system_onchip'
Info: onchip: "nios_system" instantiated altera_avalon_onchip_memory2 "onchip"
Info: pio_hex: Starting RTL generation for module 'nios_system_pio_hex'
Info: pio_hex:   Generation command is [exec D:/intel/quartus/bin64/perl/bin/perl.exe -I D:/intel/quartus/bin64/perl/lib -I D:/intel/quartus/sopc_builder/bin/europa -I D:/intel/quartus/sopc_builder/bin -I D:/intel/quartus/../ip/altera/sopc_builder_ip/common -I D:/intel/quartus/../ip/altera/sopc_builder_ip/altera_avalon_pio -- D:/intel/quartus/../ip/altera/sopc_builder_ip/altera_avalon_pio/generate_rtl.pl --name=nios_system_pio_hex --dir=C:/Users/Rauni/AppData/Local/Temp/alt0710_3537218324809051922.dir/0004_pio_hex_gen/ --quartus_dir=D:/intel/quartus --verilog --config=C:/Users/Rauni/AppData/Local/Temp/alt0710_3537218324809051922.dir/0004_pio_hex_gen//nios_system_pio_hex_component_configuration.pl  --do_build_sim=0  ]
Info: pio_hex: Done RTL generation for module 'nios_system_pio_hex'
Info: pio_hex: "nios_system" instantiated altera_avalon_pio "pio_hex"
Info: pio_key: Starting RTL generation for module 'nios_system_pio_key'
Info: pio_key:   Generation command is [exec D:/intel/quartus/bin64/perl/bin/perl.exe -I D:/intel/quartus/bin64/perl/lib -I D:/intel/quartus/sopc_builder/bin/europa -I D:/intel/quartus/sopc_builder/bin -I D:/intel/quartus/../ip/altera/sopc_builder_ip/common -I D:/intel/quartus/../ip/altera/sopc_builder_ip/altera_avalon_pio -- D:/intel/quartus/../ip/altera/sopc_builder_ip/altera_avalon_pio/generate_rtl.pl --name=nios_system_pio_key --dir=C:/Users/Rauni/AppData/Local/Temp/alt0710_3537218324809051922.dir/0005_pio_key_gen/ --quartus_dir=D:/intel/quartus --verilog --config=C:/Users/Rauni/AppData/Local/Temp/alt0710_3537218324809051922.dir/0005_pio_key_gen//nios_system_pio_key_component_configuration.pl  --do_build_sim=0  ]
Info: pio_key: Done RTL generation for module 'nios_system_pio_key'
Info: pio_key: "nios_system" instantiated altera_avalon_pio "pio_key"
Info: pio_led: Starting RTL generation for module 'nios_system_pio_led'
Info: pio_led:   Generation command is [exec D:/intel/quartus/bin64/perl/bin/perl.exe -I D:/intel/quartus/bin64/perl/lib -I D:/intel/quartus/sopc_builder/bin/europa -I D:/intel/quartus/sopc_builder/bin -I D:/intel/quartus/../ip/altera/sopc_builder_ip/common -I D:/intel/quartus/../ip/altera/sopc_builder_ip/altera_avalon_pio -- D:/intel/quartus/../ip/altera/sopc_builder_ip/altera_avalon_pio/generate_rtl.pl --name=nios_system_pio_led --dir=C:/Users/Rauni/AppData/Local/Temp/alt0710_3537218324809051922.dir/0006_pio_led_gen/ --quartus_dir=D:/intel/quartus --verilog --config=C:/Users/Rauni/AppData/Local/Temp/alt0710_3537218324809051922.dir/0006_pio_led_gen//nios_system_pio_led_component_configuration.pl  --do_build_sim=0  ]
Info: pio_led: Done RTL generation for module 'nios_system_pio_led'
Info: pio_led: "nios_system" instantiated altera_avalon_pio "pio_led"
Info: pio_sw: Starting RTL generation for module 'nios_system_pio_sw'
Info: pio_sw:   Generation command is [exec D:/intel/quartus/bin64/perl/bin/perl.exe -I D:/intel/quartus/bin64/perl/lib -I D:/intel/quartus/sopc_builder/bin/europa -I D:/intel/quartus/sopc_builder/bin -I D:/intel/quartus/../ip/altera/sopc_builder_ip/common -I D:/intel/quartus/../ip/altera/sopc_builder_ip/altera_avalon_pio -- D:/intel/quartus/../ip/altera/sopc_builder_ip/altera_avalon_pio/generate_rtl.pl --name=nios_system_pio_sw --dir=C:/Users/Rauni/AppData/Local/Temp/alt0710_3537218324809051922.dir/0007_pio_sw_gen/ --quartus_dir=D:/intel/quartus --verilog --config=C:/Users/Rauni/AppData/Local/Temp/alt0710_3537218324809051922.dir/0007_pio_sw_gen//nios_system_pio_sw_component_configuration.pl  --do_build_sim=0  ]
Info: pio_sw: Done RTL generation for module 'nios_system_pio_sw'
Info: pio_sw: "nios_system" instantiated altera_avalon_pio "pio_sw"
Info: sysid: "nios_system" instantiated altera_avalon_sysid_qsys "sysid"
Info: timer: Starting RTL generation for module 'nios_system_timer'
Info: timer:   Generation command is [exec D:/intel/quartus/bin64//perl/bin/perl.exe -I D:/intel/quartus/bin64//perl/lib -I D:/intel/quartus/sopc_builder/bin/europa -I D:/intel/quartus/sopc_builder/bin -I D:/intel/quartus/../ip/altera/sopc_builder_ip/common -I D:/intel/quartus/../ip/altera/sopc_builder_ip/altera_avalon_timer -- D:/intel/quartus/../ip/altera/sopc_builder_ip/altera_avalon_timer/generate_rtl.pl --name=nios_system_timer --dir=C:/Users/Rauni/AppData/Local/Temp/alt0710_3537218324809051922.dir/0009_timer_gen/ --quartus_dir=D:/intel/quartus --verilog --config=C:/Users/Rauni/AppData/Local/Temp/alt0710_3537218324809051922.dir/0009_timer_gen//nios_system_timer_component_configuration.pl  --do_build_sim=0  ]
Info: timer: Done RTL generation for module 'nios_system_timer'
Info: timer: "nios_system" instantiated altera_avalon_timer "timer"
Info: uart: Starting RTL generation for module 'nios_system_uart'
Info: uart:   Generation command is [exec D:/intel/quartus/bin64/perl/bin/perl.exe -I D:/intel/quartus/bin64/perl/lib -I D:/intel/quartus/sopc_builder/bin/europa -I D:/intel/quartus/sopc_builder/bin -I D:/intel/quartus/../ip/altera/sopc_builder_ip/common -I D:/intel/quartus/../ip/altera/sopc_builder_ip/altera_avalon_uart -- D:/intel/quartus/../ip/altera/sopc_builder_ip/altera_avalon_uart/generate_rtl.pl --name=nios_system_uart --dir=C:/Users/Rauni/AppData/Local/Temp/alt0710_3537218324809051922.dir/0010_uart_gen/ --quartus_dir=D:/intel/quartus --verilog --config=C:/Users/Rauni/AppData/Local/Temp/alt0710_3537218324809051922.dir/0010_uart_gen//nios_system_uart_component_configuration.pl  --do_build_sim=0  ]
Info: uart: Done RTL generation for module 'nios_system_uart'
Info: uart: "nios_system" instantiated altera_avalon_uart "uart"
Info: avalon_st_adapter: Inserting error_adapter: error_adapter_0
Info: avalon_st_adapter_001: Inserting error_adapter: error_adapter_0
Info: avalon_st_adapter_002: Inserting error_adapter: error_adapter_0
Info: avalon_st_adapter_003: Inserting error_adapter: error_adapter_0
Info: avalon_st_adapter_004: Inserting error_adapter: error_adapter_0
Info: avalon_st_adapter_005: Inserting error_adapter: error_adapter_0
Info: avalon_st_adapter_006: Inserting error_adapter: error_adapter_0
Info: avalon_st_adapter_007: Inserting error_adapter: error_adapter_0
Info: avalon_st_adapter_008: Inserting error_adapter: error_adapter_0
Info: avalon_st_adapter_009: Inserting error_adapter: error_adapter_0
Info: mm_interconnect_0: "nios_system" instantiated altera_mm_interconnect "mm_interconnect_0"
Info: irq_mapper: "nios_system" instantiated altera_irq_mapper "irq_mapper"
Info: rst_controller: "nios_system" instantiated altera_reset_controller "rst_controller"
Info: cpu: Starting RTL generation for module 'nios_system_nios_cpu'
Info: cpu:   Generation command is [exec D:/intel/quartus/bin64//perl/bin/perl.exe -I D:/intel/quartus/bin64//perl/lib -I D:/intel/quartus/sopc_builder/bin/europa -I D:/intel/quartus/sopc_builder/bin -I D:/intel/quartus/../ip/altera/nios2_ip/altera_nios2_gen2/cpu_lib -I D:/intel/quartus/../ip/altera/nios2_ip/altera_nios2_gen2/nios_lib -I D:/intel/quartus/../ip/altera/nios2_ip/altera_nios2_gen2 -I D:/intel/quartus/../ip/altera/nios2_ip/altera_nios2_gen2 -- D:/intel/quartus/../ip/altera/nios2_ip/altera_nios2_gen2/generate_rtl.pl --name=nios_system_nios_cpu --dir=C:/Users/Rauni/AppData/Local/Temp/alt0710_3537218324809051922.dir/0013_cpu_gen/ --quartus_bindir=D:/intel/quartus/bin64/ --verilog --config=C:/Users/Rauni/AppData/Local/Temp/alt0710_3537218324809051922.dir/0013_cpu_gen//nios_system_nios_cpu_processor_configuration.pl  --do_build_sim=0  ]
Info: cpu: # 2026.09.14 15:30:20 (*) Starting Nios II generation
Info: cpu: # 2026.09.14 15:30:20 (*)   Elaborating CPU configuration settings
Info: cpu: # 2026.09.14 15:30:20 (*)   Creating all objects for CPU
Info: cpu: # 2026.09.14 15:30:20 (*)     Testbench
Info: cpu: # 2026.09.14 15:30:20 (*)     Instruction decoding
Info: cpu: # 2026.09.14 15:30:20 (*)       Instruction fields
Info: cpu: # 2026.09.14 15:30:20 (*)       Instruction decodes
Info: cpu: # 2026.09.14 15:30:20 (*)       Signals for RTL simulation waveforms
Info: cpu: # 2026.09.14 15:30:20 (*)       Instruction controls
Info: cpu: # 2026.09.14 15:30:20 (*)     Pipeline frontend
Info: cpu: # 2026.09.14 15:30:20 (*)     Pipeline backend
Info: cpu: # 2026.09.14 15:30:21 (*)   Generating RTL from CPU objects
Info: cpu: # 2026.09.14 15:30:21 (*)   Creating plain-text RTL
Info: cpu: # 2026.09.14 15:30:22 (*) Done Nios II generation
Info: cpu: Done RTL generation for module 'nios_system_nios_cpu'
Info: cpu: "nios" instantiated altera_nios2_gen2_unit "cpu"
Info: nios_data_master_translator: "mm_interconnect_0" instantiated altera_merlin_master_translator "nios_data_master_translator"
Info: jtag_uart_avalon_jtag_slave_translator: "mm_interconnect_0" instantiated altera_merlin_slave_translator "jtag_uart_avalon_jtag_slave_translator"
Info: nios_data_master_agent: "mm_interconnect_0" instantiated altera_merlin_master_agent "nios_data_master_agent"
Info: jtag_uart_avalon_jtag_slave_agent: "mm_interconnect_0" instantiated altera_merlin_slave_agent "jtag_uart_avalon_jtag_slave_agent"
Info: jtag_uart_avalon_jtag_slave_agent_rsp_fifo: "mm_interconnect_0" instantiated altera_avalon_sc_fifo "jtag_uart_avalon_jtag_slave_agent_rsp_fifo"
Info: router: "mm_interconnect_0" instantiated altera_merlin_router "router"
Info: router_001: "mm_interconnect_0" instantiated altera_merlin_router "router_001"
Info: router_002: "mm_interconnect_0" instantiated altera_merlin_router "router_002"
Info: router_004: "mm_interconnect_0" instantiated altera_merlin_router "router_004"
Info: nios_data_master_limiter: "mm_interconnect_0" instantiated altera_merlin_traffic_limiter "nios_data_master_limiter"
Info: Reusing file C:/Users/Rauni/Documents/MPC_DATACENTER/07_fpga/quartus/nios_system/synthesis/submodules/altera_avalon_sc_fifo.v
Info: cmd_demux: "mm_interconnect_0" instantiated altera_merlin_demultiplexer "cmd_demux"
Info: cmd_demux_001: "mm_interconnect_0" instantiated altera_merlin_demultiplexer "cmd_demux_001"
Info: cmd_mux: "mm_interconnect_0" instantiated altera_merlin_multiplexer "cmd_mux"
Info: cmd_mux_002: "mm_interconnect_0" instantiated altera_merlin_multiplexer "cmd_mux_002"
Info: Reusing file C:/Users/Rauni/Documents/MPC_DATACENTER/07_fpga/quartus/nios_system/synthesis/submodules/altera_merlin_arbitrator.sv
Info: rsp_demux: "mm_interconnect_0" instantiated altera_merlin_demultiplexer "rsp_demux"
Info: rsp_demux_002: "mm_interconnect_0" instantiated altera_merlin_demultiplexer "rsp_demux_002"
Info: rsp_mux: "mm_interconnect_0" instantiated altera_merlin_multiplexer "rsp_mux"
Info: Reusing file C:/Users/Rauni/Documents/MPC_DATACENTER/07_fpga/quartus/nios_system/synthesis/submodules/altera_merlin_arbitrator.sv
Info: rsp_mux_001: "mm_interconnect_0" instantiated altera_merlin_multiplexer "rsp_mux_001"
Info: Reusing file C:/Users/Rauni/Documents/MPC_DATACENTER/07_fpga/quartus/nios_system/synthesis/submodules/altera_merlin_arbitrator.sv
Info: avalon_st_adapter: "mm_interconnect_0" instantiated altera_avalon_st_adapter "avalon_st_adapter"
Info: error_adapter_0: "avalon_st_adapter" instantiated error_adapter "error_adapter_0"
Info: nios_system: Done "nios_system" with 35 modules, 56 files
Info: qsys-generate succeeded.
Info: Finished: Create HDL design files for synthesis
